node.exe : [baseline-b
rowser-mapping] The 
data in this module 
is over two months 
old.  To ensure 
accurate Baseline 
data, please update: 
`npm i baseline-browse
r-mapping@latest -D`
At line:1 char:1
+ & "C:\Program Files\
nodejs/node.exe" 
"C:\Program 
Files\nodejs/node_mo 
...
+ ~~~~~~~~~~~~~~~~~~~~
~~~~~~~~~~~~~~~~~~~~~~
~~~~~~~~~~~~~~~~~~~~~~
~~~~~
    + CategoryInfo    
          : NotSpeci  
  fied: ([baseline-   
 brows...ping@late    
st -D`:String) []    
, RemoteException
    + FullyQualifiedE 
   rrorId : NativeCo  
  mmandError
 
(node:29316) 
[DEP0176] 
DeprecationWarning: 
fs.F_OK is 
deprecated, use 
fs.constants.F_OK 
instead
(Use `node 
--trace-deprecation 
...` to show where 
the warning was 
created)
Creating an optimized production build...
[baseline-browser-mapp
ing] The data in this 
module is over two 
months old.  To 
ensure accurate 
Baseline data, please 
update: `npm i baselin
e-browser-mapping@late
st -D`
Compiled with warnings.

[eslint] 
src\App.js
  Line 123:10:   'formatShortDueInCourseTZ' is defined but never used                                                                    no-unused-vars
  Line 1349:9:   'handleSignOut' is assigned a value but never used                                                                      no-unused-vars
  Line 1434:10:  'currentDailyDate' is assigned a value but never used                                                                   no-unused-vars
  Line 1434:28:  'setCurrentDailyDate' is assigned a value but never used                                                                no-unused-vars
  Line 2013:6:   React Hook useEffect has a missing dependency: 'FONT_OPTIONS'. Either include it or remove the dependency array         react-hooks/exhaustive-deps
  Line 2563:6:   React Hook useCallback has a missing dependency: 'syncCourse'. Either include it or remove the dependency array         react-hooks/exhaustive-deps
  Line 2668:6:   React Hook useCallback has a missing dependency: 'fireConfettiBurst'. Either include it or remove the dependency array  react-hooks/exhaustive-deps

Search for the keywords to learn more about each warning.
To ignore, add // eslint-disable-next-line to the line before.

File sizes after gzip:

  170.33 kB (+55.85 kB)  build\static\js\main.5ec8acf4.js
  9.46 kB (+1.88 kB)     build\static\css\main.dd44f09d.css
  1.76 kB                build\static\js\453.d7446e4a.chunk.js

The project was built assuming it is hosted at /.
You can control this with the homepage field in your package.json.

The build folder is ready to be deployed.
You may serve it with a static server:

  npm install -g serve
  serve -s build

Find out more about deployment here:

  https://cra.link/deployment

